C:\Users\rahul\orca\Catch-a-Catastrophe\tools\blender\create_alpine_props.py:72: DeprecationWarning: 'Material.use_nodes' is expected to be removed in Blender 6.0
  MAT=bpy.data.materials.new('Alpine_Textured');MAT.use_nodes=True
Warning: No mesh data to join

FBX export starting... 'C:\\Users\\rahul\\orca\\Catch-a-Catastrophe\\assets\\frostbite-peaks\\alpine-v2\\FP_Alpine_Lodge.fbx'
export finished in 0.0335 sec.
EXPORTED FP_Alpine_Lodge 11692

FBX export starting... 'C:\\Users\\rahul\\orca\\Catch-a-Catastrophe\\assets\\frostbite-peaks\\alpine-v2\\FP_Alpine_Bridge.fbx'
export finished in 0.0375 sec.
EXPORTED FP_Alpine_Bridge 15084

FBX export starting... 'C:\\Users\\rahul\\orca\\Catch-a-Catastrophe\\assets\\frostbite-peaks\\alpine-v2\\FP_Alpine_Cliff_Tall.fbx'
export finished in 0.0167 sec.
EXPORTED FP_Alpine_Cliff_Tall 1008

FBX export starting... 'C:\\Users\\rahul\\orca\\Catch-a-Catastrophe\\assets\\frostbite-peaks\\alpine-v2\\FP_Alpine_Cliff_Wide.fbx'
export finished in 0.0158 sec.
EXPORTED FP_Alpine_Cliff_Wide 756

FBX export starting... 'C:\\Users\\rahul\\orca\\Catch-a-Catastrophe\\assets\\frostbite-peaks\\alpine-v2\\FP_Alpine_Cliff_Shelf.fbx'
export finished in 0.0123 sec.
EXPORTED FP_Alpine_Cliff_Shelf 504

FBX export starting... 'C:\\Users\\rahul\\orca\\Catch-a-Catastrophe\\assets\\frostbite-peaks\\alpine-v2\\FP_Alpine_Fir_Tall.fbx'
export finished in 0.0330 sec.
EXPORTED FP_Alpine_Fir_Tall 10132

FBX export starting... 'C:\\Users\\rahul\\orca\\Catch-a-Catastrophe\\assets\\frostbite-peaks\\alpine-v2\\FP_Alpine_Fir_Medium.fbx'
export finished in 0.0274 sec.
EXPORTED FP_Alpine_Fir_Medium 8608

FBX export starting... 'C:\\Users\\rahul\\orca\\Catch-a-Catastrophe\\assets\\frostbite-peaks\\alpine-v2\\FP_Alpine_Fir_Sapling.fbx'
export finished in 0.0253 sec.
EXPORTED FP_Alpine_Fir_Sapling 7084

FBX export starting... 'C:\\Users\\rahul\\orca\\Catch-a-Catastrophe\\assets\\frostbite-peaks\\alpine-v2\\FP_Alpine_Tent.fbx'
export finished in 0.0116 sec.
EXPORTED FP_Alpine_Tent 260

FBX export starting... 'C:\\Users\\rahul\\orca\\Catch-a-Catastrophe\\assets\\frostbite-peaks\\alpine-v2\\FP_Alpine_Woodpile.fbx'
export finished in 0.0195 sec.
EXPORTED FP_Alpine_Woodpile 4604

FBX export starting... 'C:\\Users\\rahul\\orca\\Catch-a-Catastrophe\\assets\\frostbite-peaks\\alpine-v2\\FP_Alpine_Frosted_Shrub.fbx'
export finished in 0.0132 sec.
EXPORTED FP_Alpine_Frosted_Shrub 1122

FBX export starting... 'C:\\Users\\rahul\\orca\\Catch-a-Catastrophe\\assets\\frostbite-peaks\\alpine-v2\\FP_Alpine_Grass.fbx'
export finished in 0.0129 sec.
EXPORTED FP_Alpine_Grass 716

FBX export starting... 'C:\\Users\\rahul\\orca\\Catch-a-Catastrophe\\assets\\frostbite-peaks\\alpine-v2\\FP_Alpine_Crate.fbx'
export finished in 0.0136 sec.
EXPORTED FP_Alpine_Crate 1236

FBX export starting... 'C:\\Users\\rahul\\orca\\Catch-a-Catastrophe\\assets\\frostbite-peaks\\alpine-v2\\FP_Alpine_Barrel.fbx'
export finished in 0.0137 sec.
EXPORTED FP_Alpine_Barrel 1388

FBX export starting... 'C:\\Users\\rahul\\orca\\Catch-a-Catastrophe\\assets\\frostbite-peaks\\alpine-v2\\FP_Alpine_Railing.fbx'
export finished in 0.0132 sec.
EXPORTED FP_Alpine_Railing 748

FBX export starting... 'C:\\Users\\rahul\\orca\\Catch-a-Catastrophe\\assets\\frostbite-peaks\\alpine-v2\\FP_Alpine_Lantern_Post.fbx'
export finished in 0.0128 sec.
EXPORTED FP_Alpine_Lantern_Post 820

FBX export starting... 'C:\\Users\\rahul\\orca\\Catch-a-Catastrophe\\assets\\frostbite-peaks\\alpine-v2\\FP_Alpine_Trail_Post.fbx'
export finished in 0.0119 sec.
EXPORTED FP_Alpine_Trail_Post 264

FBX export starting... 'C:\\Users\\rahul\\orca\\Catch-a-Catastrophe\\assets\\frostbite-peaks\\alpine-v2\\FP_Alpine_Signpost.fbx'
export finished in 0.0116 sec.
EXPORTED FP_Alpine_Signpost 252

FBX export starting... 'C:\\Users\\rahul\\orca\\Catch-a-Catastrophe\\assets\\frostbite-peaks\\alpine-v2\\FP_Alpine_Pennant.fbx'
export finished in 0.0120 sec.
EXPORTED FP_Alpine_Pennant 228

FBX export starting... 'C:\\Users\\rahul\\orca\\Catch-a-Catastrophe\\assets\\frostbite-peaks\\alpine-v2\\FP_Alpine_Snow_Rock.fbx'
export finished in 0.0120 sec.
EXPORTED FP_Alpine_Snow_Rock 252

FBX export starting... 'C:\\Users\\rahul\\orca\\Catch-a-Catastrophe\\assets\\frostbite-peaks\\alpine-v2\\FP_Alpine_Snow_Drift.fbx'
export finished in 0.0117 sec.
EXPORTED FP_Alpine_Snow_Drift 176

FBX export starting... 'C:\\Users\\rahul\\orca\\Catch-a-Catastrophe\\assets\\frostbite-peaks\\alpine-v2\\FP_Alpine_Icicles.fbx'
export finished in 0.0120 sec.
EXPORTED FP_Alpine_Icicles 344
C:\Users\rahul\orca\Catch-a-Catastrophe\tools\blender\create_alpine_props.py:519: DeprecationWarning: 'Material.use_nodes' is expected to be removed in Blender 6.0
  m=bpy.data.materials.new(name);m.use_nodes=True;m.node_tree.nodes['Principled BSDF'].inputs['Base Color'].default_value=(*c,1)
C:\Users\rahul\orca\Catch-a-Catastrophe\tools\blender\create_alpine_props.py:533: DeprecationWarning: 'World.use_nodes' is expected to be removed in Blender 6.0
  SC.world=bpy.data.worlds.new('Alpine_Daylight');SC.world.use_nodes=True
01:11.344  render           | Saved: 'C:\Users\rahul\orca\Catch-a-Catastrophe\assets\frostbite-peaks\alpine-v2\preview-all-assets.png'
01:33.125  render           | Saved: 'C:\Users\rahul\orca\Catch-a-Catastrophe\assets\frostbite-peaks\alpine-v2\FP_Alpine_Lodge-preview.png'
01:49.735  render           | Saved: 'C:\Users\rahul\orca\Catch-a-Catastrophe\assets\frostbite-peaks\alpine-v2\FP_Alpine_Bridge-preview.png'
02:20.563  render           | Saved: 'C:\Users\rahul\orca\Catch-a-Catastrophe\assets\frostbite-peaks\alpine-v2\FP_Alpine_Cliff_Tall-preview.png'
02:57.313  render           | Saved: 'C:\Users\rahul\orca\Catch-a-Catastrophe\assets\frostbite-peaks\alpine-v2\FP_Alpine_Cliff_Wide-preview.png'
03:34.782  render           | Saved: 'C:\Users\rahul\orca\Catch-a-Catastrophe\assets\frostbite-peaks\alpine-v2\FP_Alpine_Cliff_Shelf-preview.png'
03:58.594  render           | Saved: 'C:\Users\rahul\orca\Catch-a-Catastrophe\assets\frostbite-peaks\alpine-v2\FP_Alpine_Fir_Tall-preview.png'
04:17.797  render           | Saved: 'C:\Users\rahul\orca\Catch-a-Catastrophe\assets\frostbite-peaks\alpine-v2\FP_Alpine_Fir_Medium-preview.png'
04:36.500  render           | Saved: 'C:\Users\rahul\orca\Catch-a-Catastrophe\assets\frostbite-peaks\alpine-v2\FP_Alpine_Fir_Sapling-preview.png'
04:57.375  render           | Saved: 'C:\Users\rahul\orca\Catch-a-Catastrophe\assets\frostbite-peaks\alpine-v2\FP_Alpine_Tent-preview.png'
05:17.735  render           | Saved: 'C:\Users\rahul\orca\Catch-a-Catastrophe\assets\frostbite-peaks\alpine-v2\FP_Alpine_Woodpile-preview.png'
05:37.532  render           | Saved: 'C:\Users\rahul\orca\Catch-a-Catastrophe\assets\frostbite-peaks\alpine-v2\FP_Alpine_Frosted_Shrub-preview.png'
05:55.954  render           | Saved: 'C:\Users\rahul\orca\Catch-a-Catastrophe\assets\frostbite-peaks\alpine-v2\FP_Alpine_Grass-preview.png'
06:16.282  render           | Saved: 'C:\Users\rahul\orca\Catch-a-Catastrophe\assets\frostbite-peaks\alpine-v2\FP_Alpine_Crate-preview.png'
06:36.360  render           | Saved: 'C:\Users\rahul\orca\Catch-a-Catastrophe\assets\frostbite-peaks\alpine-v2\FP_Alpine_Barrel-preview.png'
06:53.500  render           | Saved: 'C:\Users\rahul\orca\Catch-a-Catastrophe\assets\frostbite-peaks\alpine-v2\FP_Alpine_Railing-preview.png'
07:10.000  render           | Saved: 'C:\Users\rahul\orca\Catch-a-Catastrophe\assets\frostbite-peaks\alpine-v2\FP_Alpine_Lantern_Post-preview.png'
07:26.266  render           | Saved: 'C:\Users\rahul\orca\Catch-a-Catastrophe\assets\frostbite-peaks\alpine-v2\FP_Alpine_Trail_Post-preview.png'
07:43.063  render           | Saved: 'C:\Users\rahul\orca\Catch-a-Catastrophe\assets\frostbite-peaks\alpine-v2\FP_Alpine_Signpost-preview.png'
08:00.235  render           | Saved: 'C:\Users\rahul\orca\Catch-a-Catastrophe\assets\frostbite-peaks\alpine-v2\FP_Alpine_Pennant-preview.png'
08:20.766  render           | Saved: 'C:\Users\rahul\orca\Catch-a-Catastrophe\assets\frostbite-peaks\alpine-v2\FP_Alpine_Snow_Rock-preview.png'
08:38.672  render           | Saved: 'C:\Users\rahul\orca\Catch-a-Catastrophe\assets\frostbite-peaks\alpine-v2\FP_Alpine_Snow_Drift-preview.png'
08:55.672  render           | Saved: 'C:\Users\rahul\orca\Catch-a-Catastrophe\assets\frostbite-peaks\alpine-v2\FP_Alpine_Icicles-preview.png'

FBX export starting... 'C:\\Users\\rahul\\orca\\Catch-a-Catastrophe\\assets\\frostbite-peaks\\alpine-v2\\AlpineOutpostBundle.fbx'
export finished in 0.1237 sec.
Info: Saved as "AlpineOutpost.blend"
ALPINE_COMPLETE 22 assets 67278 triangles
Blender 5.1.2 (hash ec6e62d40fa9 built 2026-05-19 01:37:34)

Blender quit
