C:\Users\rahul\orca\Catch-a-Catastrophe\tools\blender\create_alpine_props.py:72: DeprecationWarning: 'Material.use_nodes' is expected to be removed in Blender 6.0
  MAT=bpy.data.materials.new('Alpine_Textured');MAT.use_nodes=True
Warning: No mesh data to join

FBX export starting... 'C:\\Users\\rahul\\orca\\Catch-a-Catastrophe\\assets\\frostbite-peaks\\alpine-v2\\FP_Alpine_Lodge.fbx'
export finished in 0.0358 sec.
EXPORTED FP_Alpine_Lodge 13880

FBX export starting... 'C:\\Users\\rahul\\orca\\Catch-a-Catastrophe\\assets\\frostbite-peaks\\alpine-v2\\FP_Alpine_Bridge.fbx'
export finished in 0.0338 sec.
EXPORTED FP_Alpine_Bridge 14432

FBX export starting... 'C:\\Users\\rahul\\orca\\Catch-a-Catastrophe\\assets\\frostbite-peaks\\alpine-v2\\FP_Alpine_Cliff_Tall.fbx'
export finished in 0.0158 sec.
EXPORTED FP_Alpine_Cliff_Tall 1052

FBX export starting... 'C:\\Users\\rahul\\orca\\Catch-a-Catastrophe\\assets\\frostbite-peaks\\alpine-v2\\FP_Alpine_Cliff_Wide.fbx'
export finished in 0.0124 sec.
EXPORTED FP_Alpine_Cliff_Wide 800

FBX export starting... 'C:\\Users\\rahul\\orca\\Catch-a-Catastrophe\\assets\\frostbite-peaks\\alpine-v2\\FP_Alpine_Cliff_Shelf.fbx'
export finished in 0.0126 sec.
EXPORTED FP_Alpine_Cliff_Shelf 504

FBX export starting... 'C:\\Users\\rahul\\orca\\Catch-a-Catastrophe\\assets\\frostbite-peaks\\alpine-v2\\FP_Alpine_Fir_Tall.fbx'
export finished in 0.0311 sec.
EXPORTED FP_Alpine_Fir_Tall 10132

FBX export starting... 'C:\\Users\\rahul\\orca\\Catch-a-Catastrophe\\assets\\frostbite-peaks\\alpine-v2\\FP_Alpine_Fir_Medium.fbx'
export finished in 0.0274 sec.
EXPORTED FP_Alpine_Fir_Medium 8608

FBX export starting... 'C:\\Users\\rahul\\orca\\Catch-a-Catastrophe\\assets\\frostbite-peaks\\alpine-v2\\FP_Alpine_Fir_Sapling.fbx'
export finished in 0.0247 sec.
EXPORTED FP_Alpine_Fir_Sapling 7084

FBX export starting... 'C:\\Users\\rahul\\orca\\Catch-a-Catastrophe\\assets\\frostbite-peaks\\alpine-v2\\FP_Alpine_Tent.fbx'
export finished in 0.0117 sec.
EXPORTED FP_Alpine_Tent 392

FBX export starting... 'C:\\Users\\rahul\\orca\\Catch-a-Catastrophe\\assets\\frostbite-peaks\\alpine-v2\\FP_Alpine_Woodpile.fbx'
export finished in 0.0197 sec.
EXPORTED FP_Alpine_Woodpile 4604

FBX export starting... 'C:\\Users\\rahul\\orca\\Catch-a-Catastrophe\\assets\\frostbite-peaks\\alpine-v2\\FP_Alpine_Frosted_Shrub.fbx'
export finished in 0.0131 sec.
EXPORTED FP_Alpine_Frosted_Shrub 1122

FBX export starting... 'C:\\Users\\rahul\\orca\\Catch-a-Catastrophe\\assets\\frostbite-peaks\\alpine-v2\\FP_Alpine_Grass.fbx'
export finished in 0.0121 sec.
EXPORTED FP_Alpine_Grass 716

FBX export starting... 'C:\\Users\\rahul\\orca\\Catch-a-Catastrophe\\assets\\frostbite-peaks\\alpine-v2\\FP_Alpine_Crate.fbx'
export finished in 0.0126 sec.
EXPORTED FP_Alpine_Crate 1236

FBX export starting... 'C:\\Users\\rahul\\orca\\Catch-a-Catastrophe\\assets\\frostbite-peaks\\alpine-v2\\FP_Alpine_Barrel.fbx'
export finished in 0.0141 sec.
EXPORTED FP_Alpine_Barrel 1388

FBX export starting... 'C:\\Users\\rahul\\orca\\Catch-a-Catastrophe\\assets\\frostbite-peaks\\alpine-v2\\FP_Alpine_Railing.fbx'
export finished in 0.0132 sec.
EXPORTED FP_Alpine_Railing 748

FBX export starting... 'C:\\Users\\rahul\\orca\\Catch-a-Catastrophe\\assets\\frostbite-peaks\\alpine-v2\\FP_Alpine_Lantern_Post.fbx'
export finished in 0.0143 sec.
EXPORTED FP_Alpine_Lantern_Post 820

FBX export starting... 'C:\\Users\\rahul\\orca\\Catch-a-Catastrophe\\assets\\frostbite-peaks\\alpine-v2\\FP_Alpine_Trail_Post.fbx'
export finished in 0.0122 sec.
EXPORTED FP_Alpine_Trail_Post 264

FBX export starting... 'C:\\Users\\rahul\\orca\\Catch-a-Catastrophe\\assets\\frostbite-peaks\\alpine-v2\\FP_Alpine_Signpost.fbx'
export finished in 0.0121 sec.
EXPORTED FP_Alpine_Signpost 252

FBX export starting... 'C:\\Users\\rahul\\orca\\Catch-a-Catastrophe\\assets\\frostbite-peaks\\alpine-v2\\FP_Alpine_Pennant.fbx'
export finished in 0.0118 sec.
EXPORTED FP_Alpine_Pennant 228

FBX export starting... 'C:\\Users\\rahul\\orca\\Catch-a-Catastrophe\\assets\\frostbite-peaks\\alpine-v2\\FP_Alpine_Snow_Rock.fbx'
export finished in 0.0119 sec.
EXPORTED FP_Alpine_Snow_Rock 252

FBX export starting... 'C:\\Users\\rahul\\orca\\Catch-a-Catastrophe\\assets\\frostbite-peaks\\alpine-v2\\FP_Alpine_Snow_Drift.fbx'
export finished in 0.0120 sec.
EXPORTED FP_Alpine_Snow_Drift 176

FBX export starting... 'C:\\Users\\rahul\\orca\\Catch-a-Catastrophe\\assets\\frostbite-peaks\\alpine-v2\\FP_Alpine_Icicles.fbx'
export finished in 0.0119 sec.
EXPORTED FP_Alpine_Icicles 344

FBX export starting... 'C:\\Users\\rahul\\orca\\Catch-a-Catastrophe\\assets\\frostbite-peaks\\alpine-v2\\FP_Alpine_Shelf_North.fbx'
export finished in 0.0126 sec.
EXPORTED FP_Alpine_Shelf_North 792

FBX export starting... 'C:\\Users\\rahul\\orca\\Catch-a-Catastrophe\\assets\\frostbite-peaks\\alpine-v2\\FP_Alpine_Shelf_South.fbx'
export finished in 0.0118 sec.
EXPORTED FP_Alpine_Shelf_South 440

FBX export starting... 'C:\\Users\\rahul\\orca\\Catch-a-Catastrophe\\assets\\frostbite-peaks\\alpine-v2\\FP_Alpine_Gorge_Rock.fbx'
export finished in 0.0128 sec.
EXPORTED FP_Alpine_Gorge_Rock 1260

FBX export starting... 'C:\\Users\\rahul\\orca\\Catch-a-Catastrophe\\assets\\frostbite-peaks\\alpine-v2\\FP_Alpine_Cliff_Block.fbx'
export finished in 0.0120 sec.
EXPORTED FP_Alpine_Cliff_Block 548

FBX export starting... 'C:\\Users\\rahul\\orca\\Catch-a-Catastrophe\\assets\\frostbite-peaks\\alpine-v2\\FP_Alpine_Snow_Rock_Small.fbx'
export finished in 0.0115 sec.
EXPORTED FP_Alpine_Snow_Rock_Small 252

FBX export starting... 'C:\\Users\\rahul\\orca\\Catch-a-Catastrophe\\assets\\frostbite-peaks\\alpine-v2\\FP_Alpine_Camp_Sled.fbx'
export finished in 0.0121 sec.
EXPORTED FP_Alpine_Camp_Sled 484

FBX export starting... 'C:\\Users\\rahul\\orca\\Catch-a-Catastrophe\\assets\\frostbite-peaks\\alpine-v2\\FP_Alpine_Notice_Board.fbx'
export finished in 0.0116 sec.
EXPORTED FP_Alpine_Notice_Board 440

FBX export starting... 'C:\\Users\\rahul\\orca\\Catch-a-Catastrophe\\assets\\frostbite-peaks\\alpine-v2\\FP_Alpine_Terrace_Post.fbx'
export finished in 0.0118 sec.
EXPORTED FP_Alpine_Terrace_Post 484
C:\Users\rahul\orca\Catch-a-Catastrophe\tools\blender\create_alpine_props.py:728: DeprecationWarning: 'Material.use_nodes' is expected to be removed in Blender 6.0
  m=bpy.data.materials.new(name);m.use_nodes=True;m.node_tree.nodes['Principled BSDF'].inputs['Base Color'].default_value=(*c,1)
C:\Users\rahul\orca\Catch-a-Catastrophe\tools\blender\create_alpine_props.py:742: DeprecationWarning: 'World.use_nodes' is expected to be removed in Blender 6.0
  SC.world=bpy.data.worlds.new('Alpine_Daylight');SC.world.use_nodes=True

FBX export starting... 'C:\\Users\\rahul\\orca\\Catch-a-Catastrophe\\assets\\frostbite-peaks\\alpine-v2\\AlpineOutpostBundle.fbx'
export finished in 0.1399 sec.
Info: Saved as "AlpineOutpost.blend"
ALPINE_COMPLETE 30 assets 73734 triangles
Blender 5.1.2 (hash ec6e62d40fa9 built 2026-05-19 01:37:34)

Blender quit
