C:\Users\rahul\orca\Catch-a-Catastrophe\tools\blender\create_alpine_props.py:72: DeprecationWarning: 'Material.use_nodes' is expected to be removed in Blender 6.0
  MAT=bpy.data.materials.new('Alpine_Textured');MAT.use_nodes=True
Warning: No mesh data to join

FBX export starting... 'C:\\Users\\rahul\\orca\\Catch-a-Catastrophe\\assets\\frostbite-peaks\\alpine-v2\\FP_Alpine_Lodge.fbx'
export finished in 0.0266 sec.
EXPORTED FP_Alpine_Lodge 13880

FBX export starting... 'C:\\Users\\rahul\\orca\\Catch-a-Catastrophe\\assets\\frostbite-peaks\\alpine-v2\\FP_Alpine_Bridge.fbx'
export finished in 0.0245 sec.
EXPORTED FP_Alpine_Bridge 14024

FBX export starting... 'C:\\Users\\rahul\\orca\\Catch-a-Catastrophe\\assets\\frostbite-peaks\\alpine-v2\\FP_Alpine_Cliff_Tall.fbx'
export finished in 0.0070 sec.
EXPORTED FP_Alpine_Cliff_Tall 1076

FBX export starting... 'C:\\Users\\rahul\\orca\\Catch-a-Catastrophe\\assets\\frostbite-peaks\\alpine-v2\\FP_Alpine_Cliff_Wide.fbx'
export finished in 0.0063 sec.
EXPORTED FP_Alpine_Cliff_Wide 824

FBX export starting... 'C:\\Users\\rahul\\orca\\Catch-a-Catastrophe\\assets\\frostbite-peaks\\alpine-v2\\FP_Alpine_Cliff_Shelf.fbx'
export finished in 0.0064 sec.
EXPORTED FP_Alpine_Cliff_Shelf 504

FBX export starting... 'C:\\Users\\rahul\\orca\\Catch-a-Catastrophe\\assets\\frostbite-peaks\\alpine-v2\\FP_Alpine_Fir_Tall.fbx'
export finished in 0.0219 sec.
EXPORTED FP_Alpine_Fir_Tall 10132

FBX export starting... 'C:\\Users\\rahul\\orca\\Catch-a-Catastrophe\\assets\\frostbite-peaks\\alpine-v2\\FP_Alpine_Fir_Medium.fbx'
export finished in 0.0218 sec.
EXPORTED FP_Alpine_Fir_Medium 8608

FBX export starting... 'C:\\Users\\rahul\\orca\\Catch-a-Catastrophe\\assets\\frostbite-peaks\\alpine-v2\\FP_Alpine_Fir_Sapling.fbx'
export finished in 0.0190 sec.
EXPORTED FP_Alpine_Fir_Sapling 7084

FBX export starting... 'C:\\Users\\rahul\\orca\\Catch-a-Catastrophe\\assets\\frostbite-peaks\\alpine-v2\\FP_Alpine_Tent.fbx'
export finished in 0.0057 sec.
EXPORTED FP_Alpine_Tent 392

FBX export starting... 'C:\\Users\\rahul\\orca\\Catch-a-Catastrophe\\assets\\frostbite-peaks\\alpine-v2\\FP_Alpine_Woodpile.fbx'
export finished in 0.0120 sec.
EXPORTED FP_Alpine_Woodpile 4604

FBX export starting... 'C:\\Users\\rahul\\orca\\Catch-a-Catastrophe\\assets\\frostbite-peaks\\alpine-v2\\FP_Alpine_Frosted_Shrub.fbx'
export finished in 0.0065 sec.
EXPORTED FP_Alpine_Frosted_Shrub 1122

FBX export starting... 'C:\\Users\\rahul\\orca\\Catch-a-Catastrophe\\assets\\frostbite-peaks\\alpine-v2\\FP_Alpine_Grass.fbx'
export finished in 0.0069 sec.
EXPORTED FP_Alpine_Grass 716

FBX export starting... 'C:\\Users\\rahul\\orca\\Catch-a-Catastrophe\\assets\\frostbite-peaks\\alpine-v2\\FP_Alpine_Crate.fbx'
export finished in 0.0070 sec.
EXPORTED FP_Alpine_Crate 1236

FBX export starting... 'C:\\Users\\rahul\\orca\\Catch-a-Catastrophe\\assets\\frostbite-peaks\\alpine-v2\\FP_Alpine_Barrel.fbx'
export finished in 0.0078 sec.
EXPORTED FP_Alpine_Barrel 1388

FBX export starting... 'C:\\Users\\rahul\\orca\\Catch-a-Catastrophe\\assets\\frostbite-peaks\\alpine-v2\\FP_Alpine_Railing.fbx'
export finished in 0.0065 sec.
EXPORTED FP_Alpine_Railing 748

FBX export starting... 'C:\\Users\\rahul\\orca\\Catch-a-Catastrophe\\assets\\frostbite-peaks\\alpine-v2\\FP_Alpine_Lantern_Post.fbx'
export finished in 0.0066 sec.
EXPORTED FP_Alpine_Lantern_Post 820

FBX export starting... 'C:\\Users\\rahul\\orca\\Catch-a-Catastrophe\\assets\\frostbite-peaks\\alpine-v2\\FP_Alpine_Trail_Post.fbx'
export finished in 0.0063 sec.
EXPORTED FP_Alpine_Trail_Post 264

FBX export starting... 'C:\\Users\\rahul\\orca\\Catch-a-Catastrophe\\assets\\frostbite-peaks\\alpine-v2\\FP_Alpine_Signpost.fbx'
export finished in 0.0053 sec.
EXPORTED FP_Alpine_Signpost 252

FBX export starting... 'C:\\Users\\rahul\\orca\\Catch-a-Catastrophe\\assets\\frostbite-peaks\\alpine-v2\\FP_Alpine_Pennant.fbx'
export finished in 0.0052 sec.
EXPORTED FP_Alpine_Pennant 228

FBX export starting... 'C:\\Users\\rahul\\orca\\Catch-a-Catastrophe\\assets\\frostbite-peaks\\alpine-v2\\FP_Alpine_Snow_Rock.fbx'
export finished in 0.0055 sec.
EXPORTED FP_Alpine_Snow_Rock 252

FBX export starting... 'C:\\Users\\rahul\\orca\\Catch-a-Catastrophe\\assets\\frostbite-peaks\\alpine-v2\\FP_Alpine_Snow_Drift.fbx'
export finished in 0.0053 sec.
EXPORTED FP_Alpine_Snow_Drift 176

FBX export starting... 'C:\\Users\\rahul\\orca\\Catch-a-Catastrophe\\assets\\frostbite-peaks\\alpine-v2\\FP_Alpine_Icicles.fbx'
export finished in 0.0056 sec.
EXPORTED FP_Alpine_Icicles 344

FBX export starting... 'C:\\Users\\rahul\\orca\\Catch-a-Catastrophe\\assets\\frostbite-peaks\\alpine-v2\\FP_Alpine_Shelf_North.fbx'
export finished in 0.0125 sec.
EXPORTED FP_Alpine_Shelf_North 3444

FBX export starting... 'C:\\Users\\rahul\\orca\\Catch-a-Catastrophe\\assets\\frostbite-peaks\\alpine-v2\\FP_Alpine_Shelf_South.fbx'
export finished in 0.0080 sec.
EXPORTED FP_Alpine_Shelf_South 2012

FBX export starting... 'C:\\Users\\rahul\\orca\\Catch-a-Catastrophe\\assets\\frostbite-peaks\\alpine-v2\\FP_Alpine_Gorge_Rock.fbx'
export finished in 0.0071 sec.
EXPORTED FP_Alpine_Gorge_Rock 1260

FBX export starting... 'C:\\Users\\rahul\\orca\\Catch-a-Catastrophe\\assets\\frostbite-peaks\\alpine-v2\\FP_Alpine_Cliff_Block.fbx'
export finished in 0.0070 sec.
EXPORTED FP_Alpine_Cliff_Block 572

FBX export starting... 'C:\\Users\\rahul\\orca\\Catch-a-Catastrophe\\assets\\frostbite-peaks\\alpine-v2\\FP_Alpine_Snow_Rock_Small.fbx'
export finished in 0.0052 sec.
EXPORTED FP_Alpine_Snow_Rock_Small 252

FBX export starting... 'C:\\Users\\rahul\\orca\\Catch-a-Catastrophe\\assets\\frostbite-peaks\\alpine-v2\\FP_Alpine_Camp_Sled.fbx'
export finished in 0.0056 sec.
EXPORTED FP_Alpine_Camp_Sled 484

FBX export starting... 'C:\\Users\\rahul\\orca\\Catch-a-Catastrophe\\assets\\frostbite-peaks\\alpine-v2\\FP_Alpine_Notice_Board.fbx'
export finished in 0.0058 sec.
EXPORTED FP_Alpine_Notice_Board 440

FBX export starting... 'C:\\Users\\rahul\\orca\\Catch-a-Catastrophe\\assets\\frostbite-peaks\\alpine-v2\\FP_Alpine_Terrace_Post.fbx'
export finished in 0.0059 sec.
EXPORTED FP_Alpine_Terrace_Post 484
C:\Users\rahul\orca\Catch-a-Catastrophe\tools\blender\create_alpine_props.py:766: DeprecationWarning: 'Material.use_nodes' is expected to be removed in Blender 6.0
  m=bpy.data.materials.new(name);m.use_nodes=True;m.node_tree.nodes['Principled BSDF'].inputs['Base Color'].default_value=(*c,1)
C:\Users\rahul\orca\Catch-a-Catastrophe\tools\blender\create_alpine_props.py:780: DeprecationWarning: 'World.use_nodes' is expected to be removed in Blender 6.0
  SC.world=bpy.data.worlds.new('Alpine_Daylight');SC.world.use_nodes=True

FBX export starting... 'C:\\Users\\rahul\\orca\\Catch-a-Catastrophe\\assets\\frostbite-peaks\\alpine-v2\\AlpineOutpostBundle.fbx'
export finished in 0.1714 sec.
Info: Saved as "AlpineOutpost.blend"
ALPINE_COMPLETE 30 assets 77622 triangles
Blender 5.1.2 (hash ec6e62d40fa9 built 2026-05-19 01:37:34)

Blender quit
