00:01.234  blend            | Read blend: "C:\Users\rahul\orca\Catch-a-Catastrophe\assets\frostbite-peaks\alpine-v2\AlpineOutpost.blend"
01:11.093  render           | Saved: 'C:\Users\rahul\orca\Catch-a-Catastrophe\assets\frostbite-peaks\alpine-v2\preview-all-assets.png'
01:30.578  render           | Saved: 'C:\Users\rahul\orca\Catch-a-Catastrophe\assets\frostbite-peaks\alpine-v2\FP_Alpine_Lodge-preview.png'
01:48.140  render           | Saved: 'C:\Users\rahul\orca\Catch-a-Catastrophe\assets\frostbite-peaks\alpine-v2\FP_Alpine_Bridge-preview.png'
02:06.875  render           | Saved: 'C:\Users\rahul\orca\Catch-a-Catastrophe\assets\frostbite-peaks\alpine-v2\FP_Alpine_Cliff_Tall-preview.png'
02:25.937  render           | Saved: 'C:\Users\rahul\orca\Catch-a-Catastrophe\assets\frostbite-peaks\alpine-v2\FP_Alpine_Cliff_Wide-preview.png'
02:42.937  render           | Saved: 'C:\Users\rahul\orca\Catch-a-Catastrophe\assets\frostbite-peaks\alpine-v2\FP_Alpine_Cliff_Shelf-preview.png'
03:01.828  render           | Saved: 'C:\Users\rahul\orca\Catch-a-Catastrophe\assets\frostbite-peaks\alpine-v2\FP_Alpine_Fir_Tall-preview.png'
03:32.484  render           | Saved: 'C:\Users\rahul\orca\Catch-a-Catastrophe\assets\frostbite-peaks\alpine-v2\FP_Alpine_Fir_Medium-preview.png'
04:10.453  render           | Saved: 'C:\Users\rahul\orca\Catch-a-Catastrophe\assets\frostbite-peaks\alpine-v2\FP_Alpine_Fir_Sapling-preview.png'
04:48.093  render           | Saved: 'C:\Users\rahul\orca\Catch-a-Catastrophe\assets\frostbite-peaks\alpine-v2\FP_Alpine_Tent-preview.png'
05:14.531  render           | Saved: 'C:\Users\rahul\orca\Catch-a-Catastrophe\assets\frostbite-peaks\alpine-v2\FP_Alpine_Woodpile-preview.png'
05:34.797  render           | Saved: 'C:\Users\rahul\orca\Catch-a-Catastrophe\assets\frostbite-peaks\alpine-v2\FP_Alpine_Frosted_Shrub-preview.png'
05:56.109  render           | Saved: 'C:\Users\rahul\orca\Catch-a-Catastrophe\assets\frostbite-peaks\alpine-v2\FP_Alpine_Grass-preview.png'
06:19.078  render           | Saved: 'C:\Users\rahul\orca\Catch-a-Catastrophe\assets\frostbite-peaks\alpine-v2\FP_Alpine_Crate-preview.png'
06:40.359  render           | Saved: 'C:\Users\rahul\orca\Catch-a-Catastrophe\assets\frostbite-peaks\alpine-v2\FP_Alpine_Barrel-preview.png'
06:58.297  render           | Saved: 'C:\Users\rahul\orca\Catch-a-Catastrophe\assets\frostbite-peaks\alpine-v2\FP_Alpine_Railing-preview.png'
07:17.562  render           | Saved: 'C:\Users\rahul\orca\Catch-a-Catastrophe\assets\frostbite-peaks\alpine-v2\FP_Alpine_Lantern_Post-preview.png'
07:36.125  render           | Saved: 'C:\Users\rahul\orca\Catch-a-Catastrophe\assets\frostbite-peaks\alpine-v2\FP_Alpine_Trail_Post-preview.png'
07:54.515  render           | Saved: 'C:\Users\rahul\orca\Catch-a-Catastrophe\assets\frostbite-peaks\alpine-v2\FP_Alpine_Signpost-preview.png'
08:11.656  render           | Saved: 'C:\Users\rahul\orca\Catch-a-Catastrophe\assets\frostbite-peaks\alpine-v2\FP_Alpine_Pennant-preview.png'
08:29.906  render           | Saved: 'C:\Users\rahul\orca\Catch-a-Catastrophe\assets\frostbite-peaks\alpine-v2\FP_Alpine_Snow_Rock-preview.png'
08:47.890  render           | Saved: 'C:\Users\rahul\orca\Catch-a-Catastrophe\assets\frostbite-peaks\alpine-v2\FP_Alpine_Snow_Drift-preview.png'
09:06.515  render           | Saved: 'C:\Users\rahul\orca\Catch-a-Catastrophe\assets\frostbite-peaks\alpine-v2\FP_Alpine_Icicles-preview.png'
09:31.562  render           | Saved: 'C:\Users\rahul\orca\Catch-a-Catastrophe\assets\frostbite-peaks\alpine-v2\FP_Alpine_Shelf_North-preview.png'
09:50.906  render           | Saved: 'C:\Users\rahul\orca\Catch-a-Catastrophe\assets\frostbite-peaks\alpine-v2\FP_Alpine_Shelf_South-preview.png'
10:09.531  render           | Saved: 'C:\Users\rahul\orca\Catch-a-Catastrophe\assets\frostbite-peaks\alpine-v2\FP_Alpine_Gorge_Rock-preview.png'
10:30.797  render           | Saved: 'C:\Users\rahul\orca\Catch-a-Catastrophe\assets\frostbite-peaks\alpine-v2\FP_Alpine_Cliff_Block-preview.png'
10:55.359  render           | Saved: 'C:\Users\rahul\orca\Catch-a-Catastrophe\assets\frostbite-peaks\alpine-v2\FP_Alpine_Snow_Rock_Small-preview.png'
11:15.234  render           | Saved: 'C:\Users\rahul\orca\Catch-a-Catastrophe\assets\frostbite-peaks\alpine-v2\FP_Alpine_Camp_Sled-preview.png'
11:34.031  render           | Saved: 'C:\Users\rahul\orca\Catch-a-Catastrophe\assets\frostbite-peaks\alpine-v2\FP_Alpine_Notice_Board-preview.png'
12:02.687  render           | Saved: 'C:\Users\rahul\orca\Catch-a-Catastrophe\assets\frostbite-peaks\alpine-v2\FP_Alpine_Terrace_Post-preview.png'
ALPINE_PREVIEWS_COMPLETE
Blender 5.1.2 (hash ec6e62d40fa9 built 2026-05-19 01:37:34)

Blender quit
