00:01.906  blend            | Read blend: "C:\Users\rahul\orca\Catch-a-Catastrophe\assets\orbit-outpost\props-v1\props.blend"
FBX version: 7400
FBX version: 7400
FBX version: 7400
FBX version: 7400
FBX version: 7400
FBX version: 7400
FBX version: 7400
FBX version: 7400
FBX version: 7400
FBX version: 7400
FBX version: 7400
FBX version: 7400
FBX version: 7400
FBX version: 7400
FBX version: 7400
FBX version: 7400
ORBIT_VERIFIED 15 meshes; 12388 triangles
Blender 5.1.2 (hash ec6e62d40fa9 built 2026-05-19 01:37:34)

Blender quit
