C:\Users\rahul\orca\Catch-a-Catastrophe\tools\blender\create_tidepools_props.py:35: DeprecationWarning: 'Material.use_nodes' is expected to be removed in Blender 6.0
  MAT=bpy.data.materials.new('Tidepools_Palette'); MAT.use_nodes=True
C:\Users\rahul\orca\Catch-a-Catastrophe\tools\blender\create_tidepools_props.py:313: DeprecationWarning: 'Material.use_nodes' is expected to be removed in Blender 6.0
  m=bpy.data.materials.new(name);m.diffuse_color=(*rgb,1);m.use_nodes=True
C:\Users\rahul\orca\Catch-a-Catastrophe\tools\blender\create_tidepools_props.py:327: DeprecationWarning: 'World.use_nodes' is expected to be removed in Blender 6.0
  SC.world=bpy.data.worlds.new('Soft_Daylight');SC.world.use_nodes=True
Blender 5.1.2 (hash ec6e62d40fa9 built 2026-05-19 01:37:34)

FBX export starting... 'C:\\Users\\rahul\\orca\\Catch-a-Catastrophe\\assets\\splashwater-bay\\tidepools-v2\\SB_Tidepool_Grotto.fbx'
export finished in 0.0060 sec.

FBX export starting... 'C:\\Users\\rahul\\orca\\Catch-a-Catastrophe\\assets\\splashwater-bay\\tidepools-v2\\collision\\COL_SB_Tidepool_Grotto.fbx'
export finished in 0.0022 sec.

FBX export starting... 'C:\\Users\\rahul\\orca\\Catch-a-Catastrophe\\assets\\splashwater-bay\\tidepools-v2\\SB_Cascade_Rocks.fbx'
export finished in 0.0051 sec.

FBX export starting... 'C:\\Users\\rahul\\orca\\Catch-a-Catastrophe\\assets\\splashwater-bay\\tidepools-v2\\collision\\COL_SB_Cascade_Rocks.fbx'
export finished in 0.0020 sec.

FBX export starting... 'C:\\Users\\rahul\\orca\\Catch-a-Catastrophe\\assets\\splashwater-bay\\tidepools-v2\\SB_Palm_Tall.fbx'
export finished in 0.0049 sec.

FBX export starting... 'C:\\Users\\rahul\\orca\\Catch-a-Catastrophe\\assets\\splashwater-bay\\tidepools-v2\\collision\\COL_SB_Palm_Tall.fbx'
export finished in 0.0020 sec.

FBX export starting... 'C:\\Users\\rahul\\orca\\Catch-a-Catastrophe\\assets\\splashwater-bay\\tidepools-v2\\SB_Palm_Bent.fbx'
export finished in 0.0049 sec.

FBX export starting... 'C:\\Users\\rahul\\orca\\Catch-a-Catastrophe\\assets\\splashwater-bay\\tidepools-v2\\collision\\COL_SB_Palm_Bent.fbx'
export finished in 0.0022 sec.

FBX export starting... 'C:\\Users\\rahul\\orca\\Catch-a-Catastrophe\\assets\\splashwater-bay\\tidepools-v2\\SB_Palm_Small.fbx'
export finished in 0.0049 sec.

FBX export starting... 'C:\\Users\\rahul\\orca\\Catch-a-Catastrophe\\assets\\splashwater-bay\\tidepools-v2\\collision\\COL_SB_Palm_Small.fbx'
export finished in 0.0020 sec.

FBX export starting... 'C:\\Users\\rahul\\orca\\Catch-a-Catastrophe\\assets\\splashwater-bay\\tidepools-v2\\SB_Tropical_Leaf_Broad.fbx'
export finished in 0.0040 sec.

FBX export starting... 'C:\\Users\\rahul\\orca\\Catch-a-Catastrophe\\assets\\splashwater-bay\\tidepools-v2\\collision\\COL_SB_Tropical_Leaf_Broad.fbx'
export finished in 0.0019 sec.

FBX export starting... 'C:\\Users\\rahul\\orca\\Catch-a-Catastrophe\\assets\\splashwater-bay\\tidepools-v2\\SB_Tropical_Leaf_Low.fbx'
export finished in 0.0040 sec.

FBX export starting... 'C:\\Users\\rahul\\orca\\Catch-a-Catastrophe\\assets\\splashwater-bay\\tidepools-v2\\collision\\COL_SB_Tropical_Leaf_Low.fbx'
export finished in 0.0021 sec.

FBX export starting... 'C:\\Users\\rahul\\orca\\Catch-a-Catastrophe\\assets\\splashwater-bay\\tidepools-v2\\SB_Hibiscus_Clump.fbx'
export finished in 0.0091 sec.

FBX export starting... 'C:\\Users\\rahul\\orca\\Catch-a-Catastrophe\\assets\\splashwater-bay\\tidepools-v2\\collision\\COL_SB_Hibiscus_Clump.fbx'
export finished in 0.0022 sec.

FBX export starting... 'C:\\Users\\rahul\\orca\\Catch-a-Catastrophe\\assets\\splashwater-bay\\tidepools-v2\\split-palms\\SB_Palm_Tall__Trunk.fbx'
export finished in 0.0038 sec.

FBX export starting... 'C:\\Users\\rahul\\orca\\Catch-a-Catastrophe\\assets\\splashwater-bay\\tidepools-v2\\split-palms\\SB_Palm_Tall__Crown.fbx'
export finished in 0.0047 sec.

FBX export starting... 'C:\\Users\\rahul\\orca\\Catch-a-Catastrophe\\assets\\splashwater-bay\\tidepools-v2\\split-palms\\SB_Palm_Bent__Trunk.fbx'
export finished in 0.0043 sec.

FBX export starting... 'C:\\Users\\rahul\\orca\\Catch-a-Catastrophe\\assets\\splashwater-bay\\tidepools-v2\\split-palms\\SB_Palm_Bent__Crown.fbx'
export finished in 0.0040 sec.

FBX export starting... 'C:\\Users\\rahul\\orca\\Catch-a-Catastrophe\\assets\\splashwater-bay\\tidepools-v2\\split-palms\\SB_Palm_Small__Trunk.fbx'
export finished in 0.0035 sec.

FBX export starting... 'C:\\Users\\rahul\\orca\\Catch-a-Catastrophe\\assets\\splashwater-bay\\tidepools-v2\\split-palms\\SB_Palm_Small__Crown.fbx'
export finished in 0.0039 sec.

FBX export starting... 'C:\\Users\\rahul\\orca\\Catch-a-Catastrophe\\assets\\splashwater-bay\\tidepools-v2\\TropicalTidepoolsBundle.fbx'
export finished in 0.0246 sec.
Info: Saved as "TropicalTidepools.blend"
TIDEPOOLS_EXPORT_COMPLETE C:\Users\rahul\orca\Catch-a-Catastrophe\assets\splashwater-bay\tidepools-v2
